Candiate words:
bet,  bucket,  but,  cub, 
cue,  cut,  ecu,  kue, 
tub,  uke,  

Anagrams of Bucket:
----Bucket----
