Candiate words:
beck,  bet,  buck,  but, 
butt,  cub,  cube,  cue, 
cuke,  cut,  cute,  ecu, 
kue,  tet,  tub,  tube, 
tuck,  tut,  uke,  

Anagrams of Buckett:
bet tuck 
tut beck 
tet buck 
----Buckett----
