Candiate words:
ace,  aced,  acid,  acold, 
acre,  acred,  acrid,  ado, 
adore,  aero,  aid,  aide, 
aider,  ail,  ailed,  air, 
aired,  alcid,  alder,  ale, 
alec,  aloe,  arc,  arced, 
arco,  are,  areic,  arid, 
ariel,  aril,  aroid,  cad, 
cade,  cadi,  cadre,  caid, 
caird,  car,  card,  care, 
cared,  carl,  carle,  carol, 
cedar,  cedi,  ceil,  ceorl, 
ceria,  cero,  ciao,  cider, 
cire,  clad,  claro,  clear, 
clod,  coal,  cod,  coda, 
code,  coder,  coed,  coil, 
coir,  col,  cola,  cold, 
cole,  coled,  cor,  coral, 
cord,  core,  cored,  coria, 
credo,  cried,  dace,  dal, 
dale,  dare,  daric,  deair, 
deal,  dear,  decal,  deco, 
decor,  dei,  deil,  del, 
deli,  dial,  dice,  dicer, 
die,  diel,  diol,  dire, 
dirl,  doc,  doe,  doer, 
dol,  dolce,  dolci,  dole, 
dor,  dore,  drail,  ear, 
earl,  eld,  era,  erica, 
ice,  iced,  idea,  ideal, 
idle,  idler,  idol,  ilea, 
ileac,  irade,  ire,  ired, 
lac,  lace,  laced,  lacer, 
lad,  lade,  lader,  laic, 
laid,  lair,  laird,  lar, 
lard,  lari,  lea,  lead, 
lear,  led,  lei,  liar, 
liard,  lice,  lid,  lidar, 
lido,  lie,  lied,  lier, 
lira,  lire,  load,  loca, 
loci,  lode,  lord,  lore, 
oar,  oared,  oca,  ocrea, 
ode,  odea,  odic,  oil, 
oiled,  oiler,  old,  older, 
oldie,  ole,  olea,  oleic, 
ora,  orad,  oral,  orc, 
orca,  ore,  oread,  oriel, 
orle,  race,  raced,  rad, 
radio,  raid,  rail,  rale, 
read,  real,  rec,  red, 
redia,  redo,  rei,  relic, 
reoil,  ria,  rial,  rice, 
riced,  rid,  ride,  riel, 
rile,  riled,  road,  roc, 
rod,  rode,  roe,  roil, 
role,  

Anagrams of Cordelia:
cedar oil 
caird ole 
ceria old 
ceria dol 
cadre oil 
cared oil 
daric ole 
deair col 
erica old 
erica dol 
idler oca 
riled oca 
ileac rod 
ileac dor 
alcid ore 
alcid roe 
irade col 
arced oil 
ariel cod 
ariel doc 
acrid ole 
ailed cor 
ailed orc 
ailed roc 
aired col 
areic old 
areic dol 
aider col 
raced oil 
redia col 
ideal cor 
ideal orc 
ideal roc 
relic ado 
acred oil 
iced oral 
lade coir 
cade roil 
ceil orad 
ceil road 
laic doer 
laic redo 
laic dore 
laic rode 
laid core 
laid cero 
cire load 
cadi role 
cadi orle 
cadi lore 
cedi oral 
caid role 
caid orle 
caid lore 
care idol 
care lido 
care diol 
dale coir 
lari code 
lari coed 
lari deco 
dice oral 
lead coir 
dire cola 
dire coal 
dire loca 
lear odic 
dear coil 
dear loci 
dial core 
dial cero 
diel arco 
diel orca 
dace roil 
deal coir 
deil arco 
deil orca 
dare coil 
dare loci 
deli arco 
deli orca 
earl odic 
lied arco 
lied orca 
lier coda 
lira code 
lira coed 
lira deco 
arid cole 
lire coda 
ilea cord 
race idol 
race lido 
race diol 
aril code 
aril coed 
aril deco 
acid role 
acid orle 
acid lore 
raid cole 
aced roil 
rail code 
rail coed 
rail deco 
rale odic 
idle arco 
idle orca 
read coil 
read loci 
real odic 
liar code 
liar coed 
liar deco 
rile coda 
ride cola 
ride coal 
ride loca 
riel coda 
rial code 
rial coed 
rial deco 
rice load 
lair code 
lair coed 
lair deco 
acre idol 
acre lido 
acre diol 
lice orad 
lice road 
ired cola 
ired coal 
ired loca 
cad reoil 
cad oriel 
cad oiler 
air coled 
air dolce 
ire acold 
arc oiled 
arc oldie 
lid ocrea 
del coria 
dei carol 
dei claro 
dei coral 
die carol 
die claro 
die coral 
ear dolci 
rei acold 
aid ceorl 
ail coder 
ail cored 
ail credo 
ail decor 
eld coria 
ria coled 
ria dolce 
are dolci 
era dolci 
rad oleic 
car oiled 
car oldie 
led coria 
----Cordelia----
